---
source: c2dascript-transpile/tests/snapshots.rs
expression: cat tests/snapshots/scalar_init.das
---
options gen2

def c2da_min_int(a : int; b : int) : int {
    if (a < b) {
        return a
    } else {
        return b
    }
}
def c2da_max_int(a : int; b : int) : int {
    if (a > b) {
        return a
    } else {
        return b
    }
}
def c2da_min_uint(a : uint; b : uint) : uint {
    if (a < b) {
        return a
    } else {
        return b
    }
}
def c2da_max_uint(a : uint; b : uint) : uint {
    if (a > b) {
        return a
    } else {
        return b
    }
}
def c2da_min_int64(a : int64; b : int64) : int64 {
    if (a < b) {
        return a
    } else {
        return b
    }
}
def c2da_max_int64(a : int64; b : int64) : int64 {
    if (a > b) {
        return a
    } else {
        return b
    }
}
def c2da_min_uint64(a : uint64; b : uint64) : uint64 {
    if (a < b) {
        return a
    } else {
        return b
    }
}
def c2da_max_uint64(a : uint64; b : uint64) : uint64 {
    if (a > b) {
        return a
    } else {
        return b
    }
}
def c2da_clip_uint(v : int) : uint {
    if (v < 0) {
        return 0x0
    }
    if (v > 255) {
        return 0xff
    }
    return uint(v)
}
def c2da_bool_to_uint(v : bool) : uint {
    if (v) {
        return 0x1
    } else {
        return 0x0
    }
}
def c2da___assert_fail(expr : void?; file : void?; line : uint; func : void?) {
}
enum E : uint {
    A = 0
}
[export]
def c2da___bswap_16(var c2da___bsx : uint16) : uint16 {
    return uint16(uint(uint(int(c2da___bsx)) >> uint(8)) & uint(255) | uint(int(uint(int(c2da___bsx)) & uint(255) << uint(8))))
}
[export]
def c2da___bswap_32(var c2da___bsx_0 : uint) : uint {
    return uint(uint(uint(c2da___bsx_0)) & uint(0xff000000)) >> uint(uint(24)) | uint(uint(uint(c2da___bsx_0)) & uint(0xff0000)) >> uint(uint(8)) | uint(uint(uint(c2da___bsx_0)) & uint(0xff00)) << uint(uint(8)) | uint(uint(uint(c2da___bsx_0)) & uint(0xff)) << uint(uint(24))
}
[export]
def c2da___bswap_64(var c2da___bsx_1 : uint64) : uint64 {
    return uint64(uint64(c2da___bsx_1) & uint64(0xff00000000000000uL)) >> uint64(uint64(56)) | uint64(uint64(c2da___bsx_1) & uint64(0xff000000000000uL)) >> uint64(uint64(40)) | uint64(uint64(c2da___bsx_1) & uint64(0xff0000000000uL)) >> uint64(uint64(24)) | uint64(uint64(c2da___bsx_1) & uint64(0xff00000000uL)) >> uint64(uint64(8)) | uint64(uint64(c2da___bsx_1) & uint64(0xff000000)) << uint64(uint64(8)) | uint64(uint64(c2da___bsx_1) & uint64(0xff0000)) << uint64(uint64(24)) | uint64(uint64(c2da___bsx_1) & uint64(0xff00)) << uint64(uint64(40)) | uint64(uint64(c2da___bsx_1) & uint64(0xff)) << uint64(uint64(56))
}
[export]
def c2da___uint16_identity(var c2da___x : uint16) : uint16 {
    return c2da___x
}
[export]
def c2da___uint32_identity(var c2da___x_0 : uint) : uint {
    return c2da___x_0
}
[export]
def c2da___uint64_identity(var c2da___x_1 : uint64) : uint64 {
    return c2da___x_1
}
[export]
def scalar_init() {
    var b : bool = bool([1])
    var c : int8 = int8([int8(99)])
    var i : int = int([42])
    var l : int64 = int64([42])
    var f : float = float([double(42.0)])
    var d : double = double([double(42.0)])
    var ld : double = double([double(42.0)])
    var e : E = [unsafe(reinterpret<E>(A))]
    var p : int? = unsafe(unsafe(reinterpret<int?>([unsafe(addr(i))])))
    var eb : bool = bool([])
    var ec : int8 = int8([])
    var ei : int = int([])
    var el : int64 = int64([])
    var ef : float = float([])
    var ed : double = double([])
    var eld : double = double([])
    var ep : int? = unsafe(unsafe(reinterpret<int?>([])))
}
var A : int = 0


[export] def main() : int {
    return 0
}
