---
source: c2dascript-transpile/tests/snapshots.rs
expression: cat tests/snapshots/macrocase.das
---
options gen2

def c2da_min_int(a : int; b : int) : int {
    if (a < b) {
        return a
    } else {
        return b
    }
}
def c2da_max_int(a : int; b : int) : int {
    if (a > b) {
        return a
    } else {
        return b
    }
}
def c2da_min_uint(a : uint; b : uint) : uint {
    if (a < b) {
        return a
    } else {
        return b
    }
}
def c2da_max_uint(a : uint; b : uint) : uint {
    if (a > b) {
        return a
    } else {
        return b
    }
}
def c2da_min_int64(a : int64; b : int64) : int64 {
    if (a < b) {
        return a
    } else {
        return b
    }
}
def c2da_max_int64(a : int64; b : int64) : int64 {
    if (a > b) {
        return a
    } else {
        return b
    }
}
def c2da_min_uint64(a : uint64; b : uint64) : uint64 {
    if (a < b) {
        return a
    } else {
        return b
    }
}
def c2da_max_uint64(a : uint64; b : uint64) : uint64 {
    if (a > b) {
        return a
    } else {
        return b
    }
}
def c2da_clip_uint(v : int) : uint {
    if (v < 0) {
        return 0x0
    }
    if (v > 255) {
        return 0xff
    }
    return uint(v)
}
def c2da_bool_to_uint(v : bool) : uint {
    if (v) {
        return 0x1
    } else {
        return 0x0
    }
}
def c2da___assert_fail(expr : void?; file : void?; line : uint; func : void?) {
}
enum ZSTD_dParameter {
    ZSTD_d_windowLogMax = 100
    ZSTD_d_experimentalParam1 = 1000
}
[export]
def ZSTD_dParam_getBounds(var dParam : ZSTD_dParameter) : int {
    var bounds : int = 0
    if (uint(dParam) == uint(ZSTD_d_windowLogMax)) {
        bounds = 1
        bounds
    } elif (uint(dParam) == uint(ZSTD_d_experimentalParam1)) {
        bounds = 5
        bounds
    } else {
    }
    return bounds
}
var ZSTD_d_experimentalParam1 : int = 1000

var ZSTD_d_windowLogMax : int = 100


[export] def main() : int {
    return 0
}
