---
source: c2dascript-transpile/tests/snapshots.rs
expression: cat tests/snapshots/fn_attrs.das
---
options gen2

def c2da_min_int(a : int; b : int) : int {
    if (a < b) {
        return a
    } else {
        return b
    }
}
def c2da_max_int(a : int; b : int) : int {
    if (a > b) {
        return a
    } else {
        return b
    }
}
def c2da_min_uint(a : uint; b : uint) : uint {
    if (a < b) {
        return a
    } else {
        return b
    }
}
def c2da_max_uint(a : uint; b : uint) : uint {
    if (a > b) {
        return a
    } else {
        return b
    }
}
def c2da_min_int64(a : int64; b : int64) : int64 {
    if (a < b) {
        return a
    } else {
        return b
    }
}
def c2da_max_int64(a : int64; b : int64) : int64 {
    if (a > b) {
        return a
    } else {
        return b
    }
}
def c2da_min_uint64(a : uint64; b : uint64) : uint64 {
    if (a < b) {
        return a
    } else {
        return b
    }
}
def c2da_max_uint64(a : uint64; b : uint64) : uint64 {
    if (a > b) {
        return a
    } else {
        return b
    }
}
def c2da_clip_uint(v : int) : uint {
    if (v < 0) {
        return 0x0
    }
    if (v > 255) {
        return 0xff
    }
    return uint(v)
}
def c2da_bool_to_uint(v : bool) : uint {
    if (v) {
        return 0x1
    } else {
        return 0x0
    }
}
def c2da___assert_fail(expr : void?; file : void?; line : uint; func : void?) {
}
[export]
def always_inline_static() {
}
[export]
def noinline_static() {
}
[export]
def inline_static() {
}
[export]
def alt_kw_inline_static() {
}
[export]
def gnu_inline_static() {
}
[export]
def cold_used_attrs() {
}
[export]
def always_inline_nonstatic() {
}
[export]
def gnu_inline_nonstatic() {
}
[export]
def noinline_nonstatic() {
}
[export]
def inline_nonstatic() {
}
[export]
def alt_kw_inline_nonstatic() {
}
[export]
def gnu_inline_non_canonical_definition_extern() {
}
[export]
def inline_extern() {
}
[export]
def alt_kw_inline_extern() {
}
[export]
def always_inline_extern() {
}
[export]
def gnu_inline_extern() {
}
[export]
def always_inline_gnu_inline_extern() {
}
[export]
def ensure_use() {
    always_inline_static()
    always_inline_nonstatic()
    gnu_inline_nonstatic()
    inline_static()
    alt_kw_inline_static()
    noinline_static()
    inline_nonstatic()
    alt_kw_inline_nonstatic()
    gnu_inline_static()
    inline_extern()
    alt_kw_inline_extern()
    always_inline_extern()
    gnu_inline_extern()
    always_inline_gnu_inline_extern()
    gnu_inline_non_canonical_definition_extern()
}

[export] def main() : int {
    return 0
}
